[10-Jun-25 13:07:27.42] Starting Recycle Bin cleanup... 
[10-Jun-25 13:07:36.20] Recycle Bin cleanup completed. 
[10-Jun-25 13:07:49.99] Starting Recycle Bin cleanup... 
[10-Jun-25 13:09:44.82] Starting Recycle Bin cleanup... 
[10-Jun-25 13:09:55.21] Recycle Bin cleanup completed. 
[13-Jun-25  6:06:03.24] Starting Recycle Bin cleanup... 
[13-Jun-25  6:06:15.19] Recycle Bin cleanup completed. 
[27-Jun-25  0:38:02.94] Starting Recycle Bin cleanup... 
[27-Jun-25  0:38:15.18] Recycle Bin cleanup completed. 
[04-Jul-25  0:00:02.43] Starting Recycle Bin cleanup... 
[04-Jul-25  0:00:12.15] Recycle Bin cleanup completed. 
[25-Jul-25  0:00:02.91] Starting Recycle Bin cleanup... 
[25-Jul-25  0:00:14.20] Recycle Bin cleanup completed. 
[01-Aug-25  0:00:02.41] Starting Recycle Bin cleanup... 
[01-Aug-25  0:00:13.16] Recycle Bin cleanup completed. 
[08-Aug-25  0:00:02.20] Starting Recycle Bin cleanup... 
[08-Aug-25  0:00:11.20] Recycle Bin cleanup completed. 
[15-Aug-25  0:00:02.12] Starting Recycle Bin cleanup... 
[15-Aug-25  0:00:11.20] Recycle Bin cleanup completed. 
[29-Aug-25  0:00:03.00] Starting Recycle Bin cleanup... 
[29-Aug-25  0:00:13.14] Recycle Bin cleanup completed. 
[05-Sep-25  6:24:47.86] Starting Recycle Bin cleanup... 
[05-Sep-25  6:25:01.17] Recycle Bin cleanup completed. 
[12-Sep-25  0:00:01.69] Starting Recycle Bin cleanup... 
[12-Sep-25  0:00:11.18] Recycle Bin cleanup completed. 
[26-Sep-25  0:17:59.93] Starting Recycle Bin cleanup... 
[26-Sep-25  0:18:17.55] Recycle Bin cleanup completed. 
[03-Oct-25  0:40:35.96] Starting Recycle Bin cleanup... 
[03-Oct-25  9:23:01.18] Recycle Bin cleanup completed. 
[17-Oct-25  0:27:30.37] Starting Recycle Bin cleanup... 
[17-Oct-25 12:32:05.31] Recycle Bin cleanup completed. 
[24-Oct-25  0:32:06.75] Starting Recycle Bin cleanup... 
[24-Oct-25  7:39:10.22] Recycle Bin cleanup completed. 
[31-Oct-25  7:16:56.32] Starting Recycle Bin cleanup... 
[31-Oct-25  7:17:14.20] Recycle Bin cleanup completed. 
[07-Nov-25  7:15:03.51] Starting Recycle Bin cleanup... 
[07-Nov-25  7:15:21.16] Recycle Bin cleanup completed. 
[14-Nov-25  0:00:02.14] Starting Recycle Bin cleanup... 
[14-Nov-25  0:00:12.18] Recycle Bin cleanup completed. 
[29-Nov-25  7:18:50.20] Starting Recycle Bin cleanup... 
[29-Nov-25  7:19:05.40] Recycle Bin cleanup completed. 
[05-Dec-25 23:29:05.44] Starting Recycle Bin cleanup... 
[06-Dec-25  7:23:16.14] Recycle Bin cleanup completed. 
[02-Jan-26  2:24:57.36] Starting Recycle Bin cleanup... 
[02-Jan-26  2:25:15.19] Recycle Bin cleanup completed. 
